PREFERENCES BEFORE 681784383d6e4072c8c3b86abfb1f7a6f848a0f3af11e022223d70bb4178371c
UpdateCTestConfiguration  from :/tmp/clash-qt-p4.w0Y8Uo/fresh-2/build/p4/DartConfiguration.tcl
Parse Config file:/tmp/clash-qt-p4.w0Y8Uo/fresh-2/build/p4/DartConfiguration.tcl
Test project /tmp/clash-qt-p4.w0Y8Uo/fresh-2/build/p4
Constructing a list of tests
Done constructing a list of tests
Updating test list for fixtures
Added 0 tests to meet fixture requirements
Checking test dependency graph...
Checking test dependency graph end
test 59
    Start 59: connection-snapshot-marshal

59: Test command: /private/tmp/clash-qt-p4.w0Y8Uo/fresh-2/build/p4/tests/contracts/component/abi/connection-snapshot-marshal-tests "comparePackedAndNaiveAtSnapshotScale" "benchmarkPackingAPacked" "benchmarkUnpackingAPacked"
59: Working Directory: /tmp/clash-qt-p4.w0Y8Uo/fresh-2/build/p4/tests/contracts/component/abi
59: Environment variables: 
59:  CLASH_QT_DATA_DIR=/private/tmp/clash-qt-p4.w0Y8Uo/fresh-2/build/p4/test-data/connection-snapshot-marshal
59: Test timeout computed to be: 1500
59: ********* Start testing of ConnectionSnapshotMarshalTest *********
59: Config: Using QtTest library 6.11.1, Qt 6.11.1 (arm64-little_endian-lp64 shared (dynamic) release build; by Apple LLVM 21.0.0 (clang-2100.0.123.102)), macos 26.6.2
59: PASS   : ConnectionSnapshotMarshalTest::initTestCase()
59: QINFO  : ConnectionSnapshotMarshalTest::comparePackedAndNaiveAtSnapshotScale() 500-row snapshot, 200 round trips: packed 1370.59 ms (114182 B), naive 1553.10 ms (136336 B)
59: QINFO  : ConnectionSnapshotMarshalTest::comparePackedAndNaiveAtSnapshotScale() build=Debug Qt=6.11.1 packed/naive=0.882
59: PASS   : ConnectionSnapshotMarshalTest::comparePackedAndNaiveAtSnapshotScale()
59: PASS   : ConnectionSnapshotMarshalTest::benchmarkPackingAPacked(64)
59: RESULT : ConnectionSnapshotMarshalTest::benchmarkPackingAPacked():"64":
59:      0.71 msecs per iteration (total: 92, iterations: 128)
59: PASS   : ConnectionSnapshotMarshalTest::benchmarkPackingAPacked(500)
59: RESULT : ConnectionSnapshotMarshalTest::benchmarkPackingAPacked():"500":
59:      5.4 msecs per iteration (total: 87, iterations: 16)
59: PASS   : ConnectionSnapshotMarshalTest::benchmarkPackingAPacked(2000)
59: RESULT : ConnectionSnapshotMarshalTest::benchmarkPackingAPacked():"2000":
59:      21 msecs per iteration (total: 87, iterations: 4)
59: PASS   : ConnectionSnapshotMarshalTest::benchmarkUnpackingAPacked(64)
59: RESULT : ConnectionSnapshotMarshalTest::benchmarkUnpackingAPacked():"64":
59:      0.16 msecs per iteration (total: 83, iterations: 512)
59: PASS   : ConnectionSnapshotMarshalTest::benchmarkUnpackingAPacked(500)
59: RESULT : ConnectionSnapshotMarshalTest::benchmarkUnpackingAPacked():"500":
59:      1.2 msecs per iteration (total: 80, iterations: 64)
59: PASS   : ConnectionSnapshotMarshalTest::benchmarkUnpackingAPacked(2000)
59: RESULT : ConnectionSnapshotMarshalTest::benchmarkUnpackingAPacked():"2000":
59:      5.0 msecs per iteration (total: 80, iterations: 16)
59: PASS   : ConnectionSnapshotMarshalTest::cleanupTestCase()
59: Totals: 9 passed, 0 failed, 0 skipped, 0 blacklisted, 5328ms
59: ********* Finished testing of ConnectionSnapshotMarshalTest *********
1/1 Test #59: connection-snapshot-marshal ......   Passed    5.39 sec

The following tests passed:
	connection-snapshot-marshal

100% tests passed out of 1

Label Time Summary:
benchmark    =   5.39 sec*proc (1 test)
component    =   5.39 sec*proc (1 test)

Total Test time (real) =   5.40 sec
PREFERENCES AFTER 681784383d6e4072c8c3b86abfb1f7a6f848a0f3af11e022223d70bb4178371c
