PREFERENCES BEFORE 681784383d6e4072c8c3b86abfb1f7a6f848a0f3af11e022223d70bb4178371c
ninja: no work to do.
ninja: no work to do.
-- Install configuration: "Debug"
-- Installing: /private/tmp/clash-qt-p4.w0Y8Uo/fresh-6/build/p4/stage/include/clash-qt/core/component
-- Installing: /private/tmp/clash-qt-p4.w0Y8Uo/fresh-6/build/p4/stage/include/clash-qt/core/component/interface_id.h
-- Installing: /private/tmp/clash-qt-p4.w0Y8Uo/fresh-6/build/p4/stage/include/clash-qt/core/component/result.h
-- Installing: /private/tmp/clash-qt-p4.w0Y8Uo/fresh-6/build/p4/stage/include/clash-qt/core/component/abi
-- Installing: /private/tmp/clash-qt-p4.w0Y8Uo/fresh-6/build/p4/stage/include/clash-qt/core/component/abi/wire.h
-- Installing: /private/tmp/clash-qt-p4.w0Y8Uo/fresh-6/build/p4/stage/include/clash-qt/core/component/abi/backend_abi.h
-- Installing: /private/tmp/clash-qt-p4.w0Y8Uo/fresh-6/build/p4/stage/include/clash-qt/core/component/abi/target_abi.h
-- Installing: /private/tmp/clash-qt-p4.w0Y8Uo/fresh-6/build/p4/stage/include/clash-qt/core/component/abi/module_entry.h
-- Installing: /private/tmp/clash-qt-p4.w0Y8Uo/fresh-6/build/p4/stage/include/clash-qt/core/component/abi/abi.h
-- Installing: /private/tmp/clash-qt-p4.w0Y8Uo/fresh-6/build/p4/stage/include/clash-qt/core/component/com_ptr.h
-- Installing: /private/tmp/clash-qt-p4.w0Y8Uo/fresh-6/build/p4/stage/include/clash-qt/core/component/buffer.h
-- Installing: /private/tmp/clash-qt-p4.w0Y8Uo/fresh-6/build/p4/stage/include/clash-qt/core/component/error_info.h
-- Installing: /private/tmp/clash-qt-p4.w0Y8Uo/fresh-6/build/p4/stage/include/clash-qt/core/component/object_support.h
-- Installing: /private/tmp/clash-qt-p4.w0Y8Uo/fresh-6/build/p4/stage/include/clash-qt/core/component/object.h
-- Installing: /private/tmp/clash-qt-p4.w0Y8Uo/fresh-6/build/p4/stage/include/clash-qt/core/component/component.h
-- Installing: /private/tmp/clash-qt-p4.w0Y8Uo/fresh-6/build/p4/stage/include/clash-qt/core/component/component_module.h
-- Installing: /private/tmp/clash-qt-p4.w0Y8Uo/fresh-6/build/p4/stage/clash-qt.app
-- Installing: /private/tmp/clash-qt-p4.w0Y8Uo/fresh-6/build/p4/stage/clash-qt.app/Contents
-- Installing: /private/tmp/clash-qt-p4.w0Y8Uo/fresh-6/build/p4/stage/clash-qt.app/Contents/_CodeSignature
-- Installing: /private/tmp/clash-qt-p4.w0Y8Uo/fresh-6/build/p4/stage/clash-qt.app/Contents/_CodeSignature/CodeResources
-- Installing: /private/tmp/clash-qt-p4.w0Y8Uo/fresh-6/build/p4/stage/clash-qt.app/Contents/MacOS
-- Installing: /private/tmp/clash-qt-p4.w0Y8Uo/fresh-6/build/p4/stage/clash-qt.app/Contents/MacOS/clash-qt
-- Installing: /private/tmp/clash-qt-p4.w0Y8Uo/fresh-6/build/p4/stage/clash-qt.app/Contents/Resources
-- Installing: /private/tmp/clash-qt-p4.w0Y8Uo/fresh-6/build/p4/stage/clash-qt.app/Contents/Resources/qml
-- Installing: /private/tmp/clash-qt-p4.w0Y8Uo/fresh-6/build/p4/stage/clash-qt.app/Contents/Resources/qml/QtQml
-- Installing: /private/tmp/clash-qt-p4.w0Y8Uo/fresh-6/build/p4/stage/clash-qt.app/Contents/Resources/qml/QtQml/qmldir
-- Installing: /private/tmp/clash-qt-p4.w0Y8Uo/fresh-6/build/p4/stage/clash-qt.app/Contents/Resources/qml/QtQml/Models
-- Installing: /private/tmp/clash-qt-p4.w0Y8Uo/fresh-6/build/p4/stage/clash-qt.app/Contents/Resources/qml/QtQml/Models/qmldir
-- Installing: /private/tmp/clash-qt-p4.w0Y8Uo/fresh-6/build/p4/stage/clash-qt.app/Contents/Resources/qml/QtQml/Models/libmodelsplugin.dylib
-- Installing: /private/tmp/clash-qt-p4.w0Y8Uo/fresh-6/build/p4/stage/clash-qt.app/Contents/Resources/qml/QtQml/libqmlplugin.dylib
-- Installing: /private/tmp/clash-qt-p4.w0Y8Uo/fresh-6/build/p4/stage/clash-qt.app/Contents/Resources/qml/QtQml/WorkerScript
-- Installing: /private/tmp/clash-qt-p4.w0Y8Uo/fresh-6/build/p4/stage/clash-qt.app/Contents/Resources/qml/QtQml/WorkerScript/libworkerscriptplugin.dylib
-- Installing: /private/tmp/clash-qt-p4.w0Y8Uo/fresh-6/build/p4/stage/clash-qt.app/Contents/Resources/qml/QtQml/WorkerScript/qmldir
-- Installing: /private/tmp/clash-qt-p4.w0Y8Uo/fresh-6/build/p4/stage/clash-qt.app/Contents/Resources/qml/QtQuick3D
-- Installing: /private/tmp/clash-qt-p4.w0Y8Uo/fresh-6/build/p4/stage/clash-qt.app/Contents/Resources/qml/QtQuick3D/qmldir
-- Installing: /private/tmp/clash-qt-p4.w0Y8Uo/fresh-6/build/p4/stage/clash-qt.app/Contents/Resources/qml/QtQuick3D/libqquick3dplugin.dylib
-- Installing: /private/tmp/clash-qt-p4.w0Y8Uo/fresh-6/build/p4/stage/clash-qt.app/Contents/Resources/qml/QtGraphs
-- Installing: /private/tmp/clash-qt-p4.w0Y8Uo/fresh-6/build/p4/stage/clash-qt.app/Contents/Resources/qml/QtGraphs/qmldir
-- Installing: /private/tmp/clash-qt-p4.w0Y8Uo/fresh-6/build/p4/stage/clash-qt.app/Contents/Resources/qml/QtGraphs/libgraphsplugin.dylib
-- Installing: /private/tmp/clash-qt-p4.w0Y8Uo/fresh-6/build/p4/stage/clash-qt.app/Contents/Resources/qml/QtQuick
-- Installing: /private/tmp/clash-qt-p4.w0Y8Uo/fresh-6/build/p4/stage/clash-qt.app/Contents/Resources/qml/QtQuick/qmldir
-- Installing: /private/tmp/clash-qt-p4.w0Y8Uo/fresh-6/build/p4/stage/clash-qt.app/Contents/Resources/qml/QtQuick/Shapes
-- Installing: /private/tmp/clash-qt-p4.w0Y8Uo/fresh-6/build/p4/stage/clash-qt.app/Contents/Resources/qml/QtQuick/Shapes/qmldir
-- Installing: /private/tmp/clash-qt-p4.w0Y8Uo/fresh-6/build/p4/stage/clash-qt.app/Contents/Resources/qml/QtQuick/Shapes/libqmlshapesplugin.dylib
-- Installing: /private/tmp/clash-qt-p4.w0Y8Uo/fresh-6/build/p4/stage/clash-qt.app/Contents/Resources/qml/QtQuick/Controls
-- Installing: /private/tmp/clash-qt-p4.w0Y8Uo/fresh-6/build/p4/stage/clash-qt.app/Contents/Resources/qml/QtQuick/Controls/Fusion
-- Installing: /private/tmp/clash-qt-p4.w0Y8Uo/fresh-6/build/p4/stage/clash-qt.app/Contents/Resources/qml/QtQuick/Controls/Fusion/impl
-- Installing: /private/tmp/clash-qt-p4.w0Y8Uo/fresh-6/build/p4/stage/clash-qt.app/Contents/Resources/qml/QtQuick/Controls/Fusion/impl/qmldir
-- Installing: /private/tmp/clash-qt-p4.w0Y8Uo/fresh-6/build/p4/stage/clash-qt.app/Contents/Resources/qml/QtQuick/Controls/Fusion/impl/libqtquickcontrols2fusionstyleimplplugin.dylib
-- Installing: /private/tmp/clash-qt-p4.w0Y8Uo/fresh-6/build/p4/stage/clash-qt.app/Contents/Resources/qml/QtQuick/Controls/Fusion/qmldir
-- Installing: /private/tmp/clash-qt-p4.w0Y8Uo/fresh-6/build/p4/stage/clash-qt.app/Contents/Resources/qml/QtQuick/Controls/Fusion/libqtquickcontrols2fusionstyleplugin.dylib
-- Installing: /private/tmp/clash-qt-p4.w0Y8Uo/fresh-6/build/p4/stage/clash-qt.app/Contents/Resources/qml/QtQuick/Controls/impl
-- Installing: /private/tmp/clash-qt-p4.w0Y8Uo/fresh-6/build/p4/stage/clash-qt.app/Contents/Resources/qml/QtQuick/Controls/impl/qmldir
-- Installing: /private/tmp/clash-qt-p4.w0Y8Uo/fresh-6/build/p4/stage/clash-qt.app/Contents/Resources/qml/QtQuick/Controls/impl/libqtquickcontrols2implplugin.dylib
-- Installing: /private/tmp/clash-qt-p4.w0Y8Uo/fresh-6/build/p4/stage/clash-qt.app/Contents/Resources/qml/QtQuick/Controls/FluentWinUI3
-- Installing: /private/tmp/clash-qt-p4.w0Y8Uo/fresh-6/build/p4/stage/clash-qt.app/Contents/Resources/qml/QtQuick/Controls/FluentWinUI3/impl
-- Installing: /private/tmp/clash-qt-p4.w0Y8Uo/fresh-6/build/p4/stage/clash-qt.app/Contents/Resources/qml/QtQuick/Controls/FluentWinUI3/impl/qmldir
-- Installing: /private/tmp/clash-qt-p4.w0Y8Uo/fresh-6/build/p4/stage/clash-qt.app/Contents/Resources/qml/QtQuick/Controls/FluentWinUI3/impl/libqtquickcontrols2fluentwinui3styleimplplugin.dylib
-- Installing: /private/tmp/clash-qt-p4.w0Y8Uo/fresh-6/build/p4/stage/clash-qt.app/Contents/Resources/qml/QtQuick/Controls/FluentWinUI3/qmldir
-- Installing: /private/tmp/clash-qt-p4.w0Y8Uo/fresh-6/build/p4/stage/clash-qt.app/Contents/Resources/qml/QtQuick/Controls/FluentWinUI3/libqtquickcontrols2fluentwinui3styleplugin.dylib
-- Installing: /private/tmp/clash-qt-p4.w0Y8Uo/fresh-6/build/p4/stage/clash-qt.app/Contents/Resources/qml/QtQuick/Controls/qmldir
-- Installing: /private/tmp/clash-qt-p4.w0Y8Uo/fresh-6/build/p4/stage/clash-qt.app/Contents/Resources/qml/QtQuick/Controls/macOS
-- Installing: /private/tmp/clash-qt-p4.w0Y8Uo/fresh-6/build/p4/stage/clash-qt.app/Contents/Resources/qml/QtQuick/Controls/macOS/impl
-- Installing: /private/tmp/clash-qt-p4.w0Y8Uo/fresh-6/build/p4/stage/clash-qt.app/Contents/Resources/qml/QtQuick/Controls/macOS/impl/qmldir
-- Installing: /private/tmp/clash-qt-p4.w0Y8Uo/fresh-6/build/p4/stage/clash-qt.app/Contents/Resources/qml/QtQuick/Controls/macOS/impl/libqtquickcontrols2macosstyleimplplugin.dylib
-- Installing: /private/tmp/clash-qt-p4.w0Y8Uo/fresh-6/build/p4/stage/clash-qt.app/Contents/Resources/qml/QtQuick/Controls/macOS/qmldir
-- Installing: /private/tmp/clash-qt-p4.w0Y8Uo/fresh-6/build/p4/stage/clash-qt.app/Contents/Resources/qml/QtQuick/Controls/macOS/libqtquickcontrols2macosstyleplugin.dylib
-- Installing: /private/tmp/clash-qt-p4.w0Y8Uo/fresh-6/build/p4/stage/clash-qt.app/Contents/Resources/qml/QtQuick/Controls/Universal
-- Installing: /private/tmp/clash-qt-p4.w0Y8Uo/fresh-6/build/p4/stage/clash-qt.app/Contents/Resources/qml/QtQuick/Controls/Universal/impl
-- Installing: /private/tmp/clash-qt-p4.w0Y8Uo/fresh-6/build/p4/stage/clash-qt.app/Contents/Resources/qml/QtQuick/Controls/Universal/impl/qmldir
-- Installing: /private/tmp/clash-qt-p4.w0Y8Uo/fresh-6/build/p4/stage/clash-qt.app/Contents/Resources/qml/QtQuick/Controls/Universal/impl/libqtquickcontrols2universalstyleimplplugin.dylib
-- Installing: /private/tmp/clash-qt-p4.w0Y8Uo/fresh-6/build/p4/stage/clash-qt.app/Contents/Resources/qml/QtQuick/Controls/Universal/qmldir
-- Installing: /private/tmp/clash-qt-p4.w0Y8Uo/fresh-6/build/p4/stage/clash-qt.app/Contents/Resources/qml/QtQuick/Controls/Universal/libqtquickcontrols2universalstyleplugin.dylib
-- Installing: /private/tmp/clash-qt-p4.w0Y8Uo/fresh-6/build/p4/stage/clash-qt.app/Contents/Resources/qml/QtQuick/Controls/Basic
-- Installing: /private/tmp/clash-qt-p4.w0Y8Uo/fresh-6/build/p4/stage/clash-qt.app/Contents/Resources/qml/QtQuick/Controls/Basic/impl
-- Installing: /private/tmp/clash-qt-p4.w0Y8Uo/fresh-6/build/p4/stage/clash-qt.app/Contents/Resources/qml/QtQuick/Controls/Basic/impl/qmldir
-- Installing: /private/tmp/clash-qt-p4.w0Y8Uo/fresh-6/build/p4/stage/clash-qt.app/Contents/Resources/qml/QtQuick/Controls/Basic/impl/libqtquickcontrols2basicstyleimplplugin.dylib
-- Installing: /private/tmp/clash-qt-p4.w0Y8Uo/fresh-6/build/p4/stage/clash-qt.app/Contents/Resources/qml/QtQuick/Controls/Basic/qmldir
-- Installing: /private/tmp/clash-qt-p4.w0Y8Uo/fresh-6/build/p4/stage/clash-qt.app/Contents/Resources/qml/QtQuick/Controls/Basic/libqtquickcontrols2basicstyleplugin.dylib
-- Installing: /private/tmp/clash-qt-p4.w0Y8Uo/fresh-6/build/p4/stage/clash-qt.app/Contents/Resources/qml/QtQuick/Controls/iOS
-- Installing: /private/tmp/clash-qt-p4.w0Y8Uo/fresh-6/build/p4/stage/clash-qt.app/Contents/Resources/qml/QtQuick/Controls/iOS/impl
-- Installing: /private/tmp/clash-qt-p4.w0Y8Uo/fresh-6/build/p4/stage/clash-qt.app/Contents/Resources/qml/QtQuick/Controls/iOS/impl/qmldir
-- Installing: /private/tmp/clash-qt-p4.w0Y8Uo/fresh-6/build/p4/stage/clash-qt.app/Contents/Resources/qml/QtQuick/Controls/iOS/impl/libqtquickcontrols2iosstyleimplplugin.dylib
-- Installing: /private/tmp/clash-qt-p4.w0Y8Uo/fresh-6/build/p4/stage/clash-qt.app/Contents/Resources/qml/QtQuick/Controls/iOS/qmldir
-- Installing: /private/tmp/clash-qt-p4.w0Y8Uo/fresh-6/build/p4/stage/clash-qt.app/Contents/Resources/qml/QtQuick/Controls/iOS/libqtquickcontrols2iosstyleplugin.dylib
-- Installing: /private/tmp/clash-qt-p4.w0Y8Uo/fresh-6/build/p4/stage/clash-qt.app/Contents/Resources/qml/QtQuick/Controls/Material
-- Installing: /private/tmp/clash-qt-p4.w0Y8Uo/fresh-6/build/p4/stage/clash-qt.app/Contents/Resources/qml/QtQuick/Controls/Material/impl
-- Installing: /private/tmp/clash-qt-p4.w0Y8Uo/fresh-6/build/p4/stage/clash-qt.app/Contents/Resources/qml/QtQuick/Controls/Material/impl/qmldir
-- Installing: /private/tmp/clash-qt-p4.w0Y8Uo/fresh-6/build/p4/stage/clash-qt.app/Contents/Resources/qml/QtQuick/Controls/Material/impl/libqtquickcontrols2materialstyleimplplugin.dylib
-- Installing: /private/tmp/clash-qt-p4.w0Y8Uo/fresh-6/build/p4/stage/clash-qt.app/Contents/Resources/qml/QtQuick/Controls/Material/qmldir
-- Installing: /private/tmp/clash-qt-p4.w0Y8Uo/fresh-6/build/p4/stage/clash-qt.app/Contents/Resources/qml/QtQuick/Controls/Material/libqtquickcontrols2materialstyleplugin.dylib
-- Installing: /private/tmp/clash-qt-p4.w0Y8Uo/fresh-6/build/p4/stage/clash-qt.app/Contents/Resources/qml/QtQuick/Controls/Imagine
-- Installing: /private/tmp/clash-qt-p4.w0Y8Uo/fresh-6/build/p4/stage/clash-qt.app/Contents/Resources/qml/QtQuick/Controls/Imagine/impl
-- Installing: /private/tmp/clash-qt-p4.w0Y8Uo/fresh-6/build/p4/stage/clash-qt.app/Contents/Resources/qml/QtQuick/Controls/Imagine/impl/qmldir
-- Installing: /private/tmp/clash-qt-p4.w0Y8Uo/fresh-6/build/p4/stage/clash-qt.app/Contents/Resources/qml/QtQuick/Controls/Imagine/impl/libqtquickcontrols2imaginestyleimplplugin.dylib
-- Installing: /private/tmp/clash-qt-p4.w0Y8Uo/fresh-6/build/p4/stage/clash-qt.app/Contents/Resources/qml/QtQuick/Controls/Imagine/qmldir
-- Installing: /private/tmp/clash-qt-p4.w0Y8Uo/fresh-6/build/p4/stage/clash-qt.app/Contents/Resources/qml/QtQuick/Controls/Imagine/libqtquickcontrols2imaginestyleplugin.dylib
-- Installing: /private/tmp/clash-qt-p4.w0Y8Uo/fresh-6/build/p4/stage/clash-qt.app/Contents/Resources/qml/QtQuick/Controls/libqtquickcontrols2plugin.dylib
-- Installing: /private/tmp/clash-qt-p4.w0Y8Uo/fresh-6/build/p4/stage/clash-qt.app/Contents/Resources/qml/QtQuick/Layouts
-- Installing: /private/tmp/clash-qt-p4.w0Y8Uo/fresh-6/build/p4/stage/clash-qt.app/Contents/Resources/qml/QtQuick/Layouts/qmldir
-- Installing: /private/tmp/clash-qt-p4.w0Y8Uo/fresh-6/build/p4/stage/clash-qt.app/Contents/Resources/qml/QtQuick/Layouts/libqquicklayoutsplugin.dylib
-- Installing: /private/tmp/clash-qt-p4.w0Y8Uo/fresh-6/build/p4/stage/clash-qt.app/Contents/Resources/qml/QtQuick/libqtquick2plugin.dylib
-- Installing: /private/tmp/clash-qt-p4.w0Y8Uo/fresh-6/build/p4/stage/clash-qt.app/Contents/Resources/qml/QtQuick/Window
-- Installing: /private/tmp/clash-qt-p4.w0Y8Uo/fresh-6/build/p4/stage/clash-qt.app/Contents/Resources/qml/QtQuick/Window/qmldir
-- Installing: /private/tmp/clash-qt-p4.w0Y8Uo/fresh-6/build/p4/stage/clash-qt.app/Contents/Resources/qml/QtQuick/Window/libquickwindowplugin.dylib
-- Installing: /private/tmp/clash-qt-p4.w0Y8Uo/fresh-6/build/p4/stage/clash-qt.app/Contents/Resources/qml/QtQuick/Templates
-- Installing: /private/tmp/clash-qt-p4.w0Y8Uo/fresh-6/build/p4/stage/clash-qt.app/Contents/Resources/qml/QtQuick/Templates/qmldir
-- Installing: /private/tmp/clash-qt-p4.w0Y8Uo/fresh-6/build/p4/stage/clash-qt.app/Contents/Resources/qml/QtQuick/Templates/libqtquicktemplates2plugin.dylib
-- Installing: /private/tmp/clash-qt-p4.w0Y8Uo/fresh-6/build/p4/stage/clash-qt.app/Contents/Resources/qml/QtQuick/Effects
-- Installing: /private/tmp/clash-qt-p4.w0Y8Uo/fresh-6/build/p4/stage/clash-qt.app/Contents/Resources/qml/QtQuick/Effects/qmldir
-- Installing: /private/tmp/clash-qt-p4.w0Y8Uo/fresh-6/build/p4/stage/clash-qt.app/Contents/Resources/qml/QtQuick/Effects/libeffectsplugin.dylib
-- Installing: /private/tmp/clash-qt-p4.w0Y8Uo/fresh-6/build/p4/stage/clash-qt.app/Contents/Resources/qml/QtQuick/NativeStyle
-- Installing: /private/tmp/clash-qt-p4.w0Y8Uo/fresh-6/build/p4/stage/clash-qt.app/Contents/Resources/qml/QtQuick/NativeStyle/qmldir
-- Installing: /private/tmp/clash-qt-p4.w0Y8Uo/fresh-6/build/p4/stage/clash-qt.app/Contents/Resources/qml/QtQuick/NativeStyle/libqtquickcontrols2nativestyleplugin.dylib
-- Installing: /private/tmp/clash-qt-p4.w0Y8Uo/fresh-6/build/p4/stage/clash-qt.app/Contents/Frameworks
-- Installing: /private/tmp/clash-qt-p4.w0Y8Uo/fresh-6/build/p4/stage/clash-qt.app/Contents/Frameworks/libclash_qt_backend_module.dylib
-- Installing: /private/tmp/clash-qt-p4.w0Y8Uo/fresh-6/build/p4/stage/clash-qt.app/Contents/Helpers
-- Installing: /private/tmp/clash-qt-p4.w0Y8Uo/fresh-6/build/p4/stage/clash-qt.app/Contents/Helpers/clash-qt-service-helper
-- Installing: /private/tmp/clash-qt-p4.w0Y8Uo/fresh-6/build/p4/stage/clash-qt.app/Contents/Info.plist
[cctools-port]: generating fake signature for 'build/p4/stage/clash-qt.app/Contents/MacOS/clash-qt'
-- Installing: /private/tmp/clash-qt-p4.w0Y8Uo/fresh-6/build/p4/stage/clash-qt.app/Contents/Resources/qml/QtQuick/qmldir
-- Installing: /private/tmp/clash-qt-p4.w0Y8Uo/fresh-6/build/p4/stage/clash-qt.app/Contents/PlugIns/libqtquick2plugin.dylib
-- Symlinking: build/p4/stage/clash-qt.app/Contents/Resources/qml/QtQuick/libqtquick2plugin.dylib
-- Installing: /private/tmp/clash-qt-p4.w0Y8Uo/fresh-6/build/p4/stage/clash-qt.app/Contents/Resources/qml/QtQml/qmldir
-- Installing: /private/tmp/clash-qt-p4.w0Y8Uo/fresh-6/build/p4/stage/clash-qt.app/Contents/PlugIns/libqmlplugin.dylib
-- Symlinking: build/p4/stage/clash-qt.app/Contents/Resources/qml/QtQml/libqmlplugin.dylib
-- Up-to-date: /private/tmp/clash-qt-p4.w0Y8Uo/fresh-6/build/p4/stage/clash-qt.app/Contents/Resources/qml/QtQml/Models/qmldir
-- Installing: /private/tmp/clash-qt-p4.w0Y8Uo/fresh-6/build/p4/stage/clash-qt.app/Contents/PlugIns/libmodelsplugin.dylib
-- Symlinking: build/p4/stage/clash-qt.app/Contents/Resources/qml/QtQml/Models/libmodelsplugin.dylib
-- Up-to-date: /private/tmp/clash-qt-p4.w0Y8Uo/fresh-6/build/p4/stage/clash-qt.app/Contents/Resources/qml/QtQml/WorkerScript/qmldir
-- Installing: /private/tmp/clash-qt-p4.w0Y8Uo/fresh-6/build/p4/stage/clash-qt.app/Contents/PlugIns/libworkerscriptplugin.dylib
-- Symlinking: build/p4/stage/clash-qt.app/Contents/Resources/qml/QtQml/WorkerScript/libworkerscriptplugin.dylib
-- Up-to-date: /private/tmp/clash-qt-p4.w0Y8Uo/fresh-6/build/p4/stage/clash-qt.app/Contents/Resources/qml/QtGraphs/qmldir
-- Installing: /private/tmp/clash-qt-p4.w0Y8Uo/fresh-6/build/p4/stage/clash-qt.app/Contents/PlugIns/libgraphsplugin.dylib
-- Symlinking: build/p4/stage/clash-qt.app/Contents/Resources/qml/QtGraphs/libgraphsplugin.dylib
-- Installing: /private/tmp/clash-qt-p4.w0Y8Uo/fresh-6/build/p4/stage/clash-qt.app/Contents/Resources/qml/QtQuick3D/qmldir
-- Installing: /private/tmp/clash-qt-p4.w0Y8Uo/fresh-6/build/p4/stage/clash-qt.app/Contents/PlugIns/libqquick3dplugin.dylib
-- Symlinking: build/p4/stage/clash-qt.app/Contents/Resources/qml/QtQuick3D/libqquick3dplugin.dylib
-- Up-to-date: /private/tmp/clash-qt-p4.w0Y8Uo/fresh-6/build/p4/stage/clash-qt.app/Contents/Resources/qml/QtQuick/Controls/qmldir
-- Installing: /private/tmp/clash-qt-p4.w0Y8Uo/fresh-6/build/p4/stage/clash-qt.app/Contents/PlugIns/libqtquickcontrols2plugin.dylib
-- Symlinking: build/p4/stage/clash-qt.app/Contents/Resources/qml/QtQuick/Controls/libqtquickcontrols2plugin.dylib
-- Up-to-date: /private/tmp/clash-qt-p4.w0Y8Uo/fresh-6/build/p4/stage/clash-qt.app/Contents/Resources/qml/QtQuick/Layouts/qmldir
-- Installing: /private/tmp/clash-qt-p4.w0Y8Uo/fresh-6/build/p4/stage/clash-qt.app/Contents/PlugIns/libqquicklayoutsplugin.dylib
-- Symlinking: build/p4/stage/clash-qt.app/Contents/Resources/qml/QtQuick/Layouts/libqquicklayoutsplugin.dylib
-- Up-to-date: /private/tmp/clash-qt-p4.w0Y8Uo/fresh-6/build/p4/stage/clash-qt.app/Contents/Resources/qml/QtQuick/Controls/Fusion/qmldir
-- Installing: /private/tmp/clash-qt-p4.w0Y8Uo/fresh-6/build/p4/stage/clash-qt.app/Contents/PlugIns/libqtquickcontrols2fusionstyleplugin.dylib
-- Symlinking: build/p4/stage/clash-qt.app/Contents/Resources/qml/QtQuick/Controls/Fusion/libqtquickcontrols2fusionstyleplugin.dylib
-- Up-to-date: /private/tmp/clash-qt-p4.w0Y8Uo/fresh-6/build/p4/stage/clash-qt.app/Contents/Resources/qml/QtQuick/Controls/Imagine/qmldir
-- Installing: /private/tmp/clash-qt-p4.w0Y8Uo/fresh-6/build/p4/stage/clash-qt.app/Contents/PlugIns/libqtquickcontrols2imaginestyleplugin.dylib
-- Symlinking: build/p4/stage/clash-qt.app/Contents/Resources/qml/QtQuick/Controls/Imagine/libqtquickcontrols2imaginestyleplugin.dylib
-- Up-to-date: /private/tmp/clash-qt-p4.w0Y8Uo/fresh-6/build/p4/stage/clash-qt.app/Contents/Resources/qml/QtQuick/Controls/Material/qmldir
-- Installing: /private/tmp/clash-qt-p4.w0Y8Uo/fresh-6/build/p4/stage/clash-qt.app/Contents/PlugIns/libqtquickcontrols2materialstyleplugin.dylib
-- Symlinking: build/p4/stage/clash-qt.app/Contents/Resources/qml/QtQuick/Controls/Material/libqtquickcontrols2materialstyleplugin.dylib
-- Up-to-date: /private/tmp/clash-qt-p4.w0Y8Uo/fresh-6/build/p4/stage/clash-qt.app/Contents/Resources/qml/QtQuick/Controls/Universal/qmldir
-- Installing: /private/tmp/clash-qt-p4.w0Y8Uo/fresh-6/build/p4/stage/clash-qt.app/Contents/PlugIns/libqtquickcontrols2universalstyleplugin.dylib
-- Symlinking: build/p4/stage/clash-qt.app/Contents/Resources/qml/QtQuick/Controls/Universal/libqtquickcontrols2universalstyleplugin.dylib
-- Up-to-date: /private/tmp/clash-qt-p4.w0Y8Uo/fresh-6/build/p4/stage/clash-qt.app/Contents/Resources/qml/QtQuick/Controls/FluentWinUI3/qmldir
-- Installing: /private/tmp/clash-qt-p4.w0Y8Uo/fresh-6/build/p4/stage/clash-qt.app/Contents/PlugIns/libqtquickcontrols2fluentwinui3styleplugin.dylib
-- Symlinking: build/p4/stage/clash-qt.app/Contents/Resources/qml/QtQuick/Controls/FluentWinUI3/libqtquickcontrols2fluentwinui3styleplugin.dylib
-- Up-to-date: /private/tmp/clash-qt-p4.w0Y8Uo/fresh-6/build/p4/stage/clash-qt.app/Contents/Resources/qml/QtQuick/Controls/macOS/qmldir
-- Installing: /private/tmp/clash-qt-p4.w0Y8Uo/fresh-6/build/p4/stage/clash-qt.app/Contents/PlugIns/libqtquickcontrols2macosstyleplugin.dylib
-- Symlinking: build/p4/stage/clash-qt.app/Contents/Resources/qml/QtQuick/Controls/macOS/libqtquickcontrols2macosstyleplugin.dylib
-- Up-to-date: /private/tmp/clash-qt-p4.w0Y8Uo/fresh-6/build/p4/stage/clash-qt.app/Contents/Resources/qml/QtQuick/Controls/iOS/qmldir
-- Installing: /private/tmp/clash-qt-p4.w0Y8Uo/fresh-6/build/p4/stage/clash-qt.app/Contents/PlugIns/libqtquickcontrols2iosstyleplugin.dylib
-- Symlinking: build/p4/stage/clash-qt.app/Contents/Resources/qml/QtQuick/Controls/iOS/libqtquickcontrols2iosstyleplugin.dylib
-- Up-to-date: /private/tmp/clash-qt-p4.w0Y8Uo/fresh-6/build/p4/stage/clash-qt.app/Contents/Resources/qml/QtQuick/Controls/Basic/qmldir
-- Installing: /private/tmp/clash-qt-p4.w0Y8Uo/fresh-6/build/p4/stage/clash-qt.app/Contents/PlugIns/libqtquickcontrols2basicstyleplugin.dylib
-- Symlinking: build/p4/stage/clash-qt.app/Contents/Resources/qml/QtQuick/Controls/Basic/libqtquickcontrols2basicstyleplugin.dylib
-- Up-to-date: /private/tmp/clash-qt-p4.w0Y8Uo/fresh-6/build/p4/stage/clash-qt.app/Contents/Resources/qml/QtQuick/Templates/qmldir
-- Installing: /private/tmp/clash-qt-p4.w0Y8Uo/fresh-6/build/p4/stage/clash-qt.app/Contents/PlugIns/libqtquicktemplates2plugin.dylib
-- Symlinking: build/p4/stage/clash-qt.app/Contents/Resources/qml/QtQuick/Templates/libqtquicktemplates2plugin.dylib
-- Up-to-date: /private/tmp/clash-qt-p4.w0Y8Uo/fresh-6/build/p4/stage/clash-qt.app/Contents/Resources/qml/QtQuick/Controls/impl/qmldir
-- Installing: /private/tmp/clash-qt-p4.w0Y8Uo/fresh-6/build/p4/stage/clash-qt.app/Contents/PlugIns/libqtquickcontrols2implplugin.dylib
-- Symlinking: build/p4/stage/clash-qt.app/Contents/Resources/qml/QtQuick/Controls/impl/libqtquickcontrols2implplugin.dylib
-- Up-to-date: /private/tmp/clash-qt-p4.w0Y8Uo/fresh-6/build/p4/stage/clash-qt.app/Contents/Resources/qml/QtQuick/Controls/Fusion/impl/qmldir
-- Installing: /private/tmp/clash-qt-p4.w0Y8Uo/fresh-6/build/p4/stage/clash-qt.app/Contents/PlugIns/libqtquickcontrols2fusionstyleimplplugin.dylib
-- Symlinking: build/p4/stage/clash-qt.app/Contents/Resources/qml/QtQuick/Controls/Fusion/impl/libqtquickcontrols2fusionstyleimplplugin.dylib
-- Up-to-date: /private/tmp/clash-qt-p4.w0Y8Uo/fresh-6/build/p4/stage/clash-qt.app/Contents/Resources/qml/QtQuick/Window/qmldir
-- Installing: /private/tmp/clash-qt-p4.w0Y8Uo/fresh-6/build/p4/stage/clash-qt.app/Contents/PlugIns/libquickwindowplugin.dylib
-- Symlinking: build/p4/stage/clash-qt.app/Contents/Resources/qml/QtQuick/Window/libquickwindowplugin.dylib
-- Up-to-date: /private/tmp/clash-qt-p4.w0Y8Uo/fresh-6/build/p4/stage/clash-qt.app/Contents/Resources/qml/QtQuick/Controls/Imagine/impl/qmldir
-- Installing: /private/tmp/clash-qt-p4.w0Y8Uo/fresh-6/build/p4/stage/clash-qt.app/Contents/PlugIns/libqtquickcontrols2imaginestyleimplplugin.dylib
-- Symlinking: build/p4/stage/clash-qt.app/Contents/Resources/qml/QtQuick/Controls/Imagine/impl/libqtquickcontrols2imaginestyleimplplugin.dylib
-- Up-to-date: /private/tmp/clash-qt-p4.w0Y8Uo/fresh-6/build/p4/stage/clash-qt.app/Contents/Resources/qml/QtQuick/Controls/Material/impl/qmldir
-- Installing: /private/tmp/clash-qt-p4.w0Y8Uo/fresh-6/build/p4/stage/clash-qt.app/Contents/PlugIns/libqtquickcontrols2materialstyleimplplugin.dylib
-- Symlinking: build/p4/stage/clash-qt.app/Contents/Resources/qml/QtQuick/Controls/Material/impl/libqtquickcontrols2materialstyleimplplugin.dylib
-- Up-to-date: /private/tmp/clash-qt-p4.w0Y8Uo/fresh-6/build/p4/stage/clash-qt.app/Contents/Resources/qml/QtQuick/Controls/Universal/impl/qmldir
-- Installing: /private/tmp/clash-qt-p4.w0Y8Uo/fresh-6/build/p4/stage/clash-qt.app/Contents/PlugIns/libqtquickcontrols2universalstyleimplplugin.dylib
-- Symlinking: build/p4/stage/clash-qt.app/Contents/Resources/qml/QtQuick/Controls/Universal/impl/libqtquickcontrols2universalstyleimplplugin.dylib
-- Up-to-date: /private/tmp/clash-qt-p4.w0Y8Uo/fresh-6/build/p4/stage/clash-qt.app/Contents/Resources/qml/QtQuick/Controls/FluentWinUI3/impl/qmldir
-- Installing: /private/tmp/clash-qt-p4.w0Y8Uo/fresh-6/build/p4/stage/clash-qt.app/Contents/PlugIns/libqtquickcontrols2fluentwinui3styleimplplugin.dylib
-- Symlinking: build/p4/stage/clash-qt.app/Contents/Resources/qml/QtQuick/Controls/FluentWinUI3/impl/libqtquickcontrols2fluentwinui3styleimplplugin.dylib
-- Up-to-date: /private/tmp/clash-qt-p4.w0Y8Uo/fresh-6/build/p4/stage/clash-qt.app/Contents/Resources/qml/QtQuick/Effects/qmldir
-- Installing: /private/tmp/clash-qt-p4.w0Y8Uo/fresh-6/build/p4/stage/clash-qt.app/Contents/PlugIns/libeffectsplugin.dylib
-- Symlinking: build/p4/stage/clash-qt.app/Contents/Resources/qml/QtQuick/Effects/libeffectsplugin.dylib
-- Up-to-date: /private/tmp/clash-qt-p4.w0Y8Uo/fresh-6/build/p4/stage/clash-qt.app/Contents/Resources/qml/QtQuick/Shapes/qmldir
-- Installing: /private/tmp/clash-qt-p4.w0Y8Uo/fresh-6/build/p4/stage/clash-qt.app/Contents/PlugIns/libqmlshapesplugin.dylib
-- Symlinking: build/p4/stage/clash-qt.app/Contents/Resources/qml/QtQuick/Shapes/libqmlshapesplugin.dylib
-- Up-to-date: /private/tmp/clash-qt-p4.w0Y8Uo/fresh-6/build/p4/stage/clash-qt.app/Contents/Resources/qml/QtQuick/Controls/macOS/impl/qmldir
-- Installing: /private/tmp/clash-qt-p4.w0Y8Uo/fresh-6/build/p4/stage/clash-qt.app/Contents/PlugIns/libqtquickcontrols2macosstyleimplplugin.dylib
-- Symlinking: build/p4/stage/clash-qt.app/Contents/Resources/qml/QtQuick/Controls/macOS/impl/libqtquickcontrols2macosstyleimplplugin.dylib
-- Up-to-date: /private/tmp/clash-qt-p4.w0Y8Uo/fresh-6/build/p4/stage/clash-qt.app/Contents/Resources/qml/QtQuick/NativeStyle/qmldir
-- Installing: /private/tmp/clash-qt-p4.w0Y8Uo/fresh-6/build/p4/stage/clash-qt.app/Contents/PlugIns/libqtquickcontrols2nativestyleplugin.dylib
-- Symlinking: build/p4/stage/clash-qt.app/Contents/Resources/qml/QtQuick/NativeStyle/libqtquickcontrols2nativestyleplugin.dylib
-- Up-to-date: /private/tmp/clash-qt-p4.w0Y8Uo/fresh-6/build/p4/stage/clash-qt.app/Contents/Resources/qml/QtQuick/Controls/iOS/impl/qmldir
-- Installing: /private/tmp/clash-qt-p4.w0Y8Uo/fresh-6/build/p4/stage/clash-qt.app/Contents/PlugIns/libqtquickcontrols2iosstyleimplplugin.dylib
-- Symlinking: build/p4/stage/clash-qt.app/Contents/Resources/qml/QtQuick/Controls/iOS/impl/libqtquickcontrols2iosstyleimplplugin.dylib
-- Up-to-date: /private/tmp/clash-qt-p4.w0Y8Uo/fresh-6/build/p4/stage/clash-qt.app/Contents/Resources/qml/QtQuick/Controls/Basic/impl/qmldir
-- Installing: /private/tmp/clash-qt-p4.w0Y8Uo/fresh-6/build/p4/stage/clash-qt.app/Contents/PlugIns/libqtquickcontrols2basicstyleimplplugin.dylib
-- Symlinking: build/p4/stage/clash-qt.app/Contents/Resources/qml/QtQuick/Controls/Basic/impl/libqtquickcontrols2basicstyleimplplugin.dylib
-- Running Qt deploy tool for clash-qt.app in working directory 'build/p4/stage'
'/opt/homebrew/bin/macdeployqt' 'clash-qt.app' '-appstore-compliant' '-always-overwrite' '-libpath=/opt/homebrew/lib' '-no-codesign' '-executable=clash-qt.app/Contents/PlugIns/libqtquick2plugin.dylib' '-executable=clash-qt.app/Contents/PlugIns/libqmlplugin.dylib' '-executable=clash-qt.app/Contents/PlugIns/libmodelsplugin.dylib' '-executable=clash-qt.app/Contents/PlugIns/libworkerscriptplugin.dylib' '-executable=clash-qt.app/Contents/PlugIns/libgraphsplugin.dylib' '-executable=clash-qt.app/Contents/PlugIns/libqquick3dplugin.dylib' '-executable=clash-qt.app/Contents/PlugIns/libqtquickcontrols2plugin.dylib' '-executable=clash-qt.app/Contents/PlugIns/libqquicklayoutsplugin.dylib' '-executable=clash-qt.app/Contents/PlugIns/libqtquickcontrols2fusionstyleplugin.dylib' '-executable=clash-qt.app/Contents/PlugIns/libqtquickcontrols2imaginestyleplugin.dylib' '-executable=clash-qt.app/Contents/PlugIns/libqtquickcontrols2materialstyleplugin.dylib' '-executable=clash-qt.app/Contents/PlugIns/libqtquickcontrols2universalstyleplugin.dylib' '-executable=clash-qt.app/Contents/PlugIns/libqtquickcontrols2fluentwinui3styleplugin.dylib' '-executable=clash-qt.app/Contents/PlugIns/libqtquickcontrols2macosstyleplugin.dylib' '-executable=clash-qt.app/Contents/PlugIns/libqtquickcontrols2iosstyleplugin.dylib' '-executable=clash-qt.app/Contents/PlugIns/libqtquickcontrols2basicstyleplugin.dylib' '-executable=clash-qt.app/Contents/PlugIns/libqtquicktemplates2plugin.dylib' '-executable=clash-qt.app/Contents/PlugIns/libqtquickcontrols2implplugin.dylib' '-executable=clash-qt.app/Contents/PlugIns/libqtquickcontrols2fusionstyleimplplugin.dylib' '-executable=clash-qt.app/Contents/PlugIns/libquickwindowplugin.dylib' '-executable=clash-qt.app/Contents/PlugIns/libqtquickcontrols2imaginestyleimplplugin.dylib' '-executable=clash-qt.app/Contents/PlugIns/libqtquickcontrols2materialstyleimplplugin.dylib' '-executable=clash-qt.app/Contents/PlugIns/libqtquickcontrols2universalstyleimplplugin.dylib' '-executable=clash-qt.app/Contents/PlugIns/libqtquickcontrols2fluentwinui3styleimplplugin.dylib' '-executable=clash-qt.app/Contents/PlugIns/libeffectsplugin.dylib' '-executable=clash-qt.app/Contents/PlugIns/libqmlshapesplugin.dylib' '-executable=clash-qt.app/Contents/PlugIns/libqtquickcontrols2macosstyleimplplugin.dylib' '-executable=clash-qt.app/Contents/PlugIns/libqtquickcontrols2nativestyleplugin.dylib' '-executable=clash-qt.app/Contents/PlugIns/libqtquickcontrols2iosstyleimplplugin.dylib' '-executable=clash-qt.app/Contents/PlugIns/libqtquickcontrols2basicstyleimplplugin.dylib' '-executable=clash-qt.app/Contents/Frameworks/libclash_qt_backend_module.dylib'
build/p4/stage/clash-qt.app: replacing existing signature
-- Installing: /private/tmp/clash-qt-p4.w0Y8Uo/fresh-6/build/p4/stage/clash-qt.app/Contents/MacOS/mihomo
-- Installing: /private/tmp/clash-qt-p4.w0Y8Uo/fresh-6/build/p4/stage/clash-qt.app/Contents/Resources/mihomo-provenance.json
build/p4/stage/clash-qt.app: replacing existing signature
package: staged in build/p4/stage
PREFERENCES AFTER 681784383d6e4072c8c3b86abfb1f7a6f848a0f3af11e022223d70bb4178371c
