PREFERENCES BEFORE 681784383d6e4072c8c3b86abfb1f7a6f848a0f3af11e022223d70bb4178371c
loaded: clash-qt mihomo backend module (module-r1, backend-r4) (module abi 1)
start submitted as request 1
  core: engine /tmp/clash-qt-p4.w0Y8Uo/consumer-p4-run/mihomo [Engine you selected] v1.19.31 from ab405bad5bee (clean), go version go1.26.5 darwin/arm64, sha256 6f53b2e18687
  state=1 (generation 1)
  core: time="2026-09-22T16:24:45.775462000+08:00" level=info msg="Start initial configuration in progress"
  core: time="2026-09-22T16:24:45.775507000+08:00" level=info msg="Geodata Loader mode: memconservative"
  core: time="2026-09-22T16:24:45.775523000+08:00" level=info msg="Geosite Matcher implementation: succinct"
  core: time="2026-09-22T16:24:45.775585000+08:00" level=info msg="Initial configuration complete, total time: 0ms"
  core: time="2026-09-22T16:24:45.775650000+08:00" level=info msg="Sniffer is closed"
  core: time="2026-09-22T16:24:45.776093000+08:00" level=info msg="RESTful API listening at: 127.0.0.1:54478"
  core: time="2026-09-22T16:24:45.776202000+08:00" level=info msg="Start initial compatible provider default"
  state=2 (generation 1)
  core ready at 127.0.0.1:54478
  state=3 (generation 2)
  state=0 (generation 2)
  stop completed, confirmed=yes
live objects before unload: 0
unmappable: yes
image unmapped: yes
teardown complete
PREFERENCES AFTER 681784383d6e4072c8c3b86abfb1f7a6f848a0f3af11e022223d70bb4178371c
