681784383d6e4072c8c3b86abfb1f7a6f848a0f3af11e022223d70bb4178371c  /Users/junweiwang/Library/Preferences/com.clash-qt.clash-qt.plist
BEFORE run-1 681784383d6e4072c8c3b86abfb1f7a6f848a0f3af11e022223d70bb4178371c
AFTER run-1 681784383d6e4072c8c3b86abfb1f7a6f848a0f3af11e022223d70bb4178371c
BEFORE run-2 681784383d6e4072c8c3b86abfb1f7a6f848a0f3af11e022223d70bb4178371c
AFTER run-2 681784383d6e4072c8c3b86abfb1f7a6f848a0f3af11e022223d70bb4178371c
BEFORE run-3 681784383d6e4072c8c3b86abfb1f7a6f848a0f3af11e022223d70bb4178371c
AFTER run-3 681784383d6e4072c8c3b86abfb1f7a6f848a0f3af11e022223d70bb4178371c
BEFORE run-4 681784383d6e4072c8c3b86abfb1f7a6f848a0f3af11e022223d70bb4178371c
AFTER run-4 681784383d6e4072c8c3b86abfb1f7a6f848a0f3af11e022223d70bb4178371c
BEFORE inversion-sweep 681784383d6e4072c8c3b86abfb1f7a6f848a0f3af11e022223d70bb4178371c
BEFORE I1-controller-reassertion 681784383d6e4072c8c3b86abfb1f7a6f848a0f3af11e022223d70bb4178371c
AFTER  I1-controller-reassertion 681784383d6e4072c8c3b86abfb1f7a6f848a0f3af11e022223d70bb4178371c
BEFORE I2-precedence-order 681784383d6e4072c8c3b86abfb1f7a6f848a0f3af11e022223d70bb4178371c
AFTER  I2-precedence-order 681784383d6e4072c8c3b86abfb1f7a6f848a0f3af11e022223d70bb4178371c
BEFORE I3-merge-is-deep 681784383d6e4072c8c3b86abfb1f7a6f848a0f3af11e022223d70bb4178371c
AFTER  I3-merge-is-deep 681784383d6e4072c8c3b86abfb1f7a6f848a0f3af11e022223d70bb4178371c
BEFORE I4-defaults-respect-choices 681784383d6e4072c8c3b86abfb1f7a6f848a0f3af11e022223d70bb4178371c
AFTER  I4-defaults-respect-choices 681784383d6e4072c8c3b86abfb1f7a6f848a0f3af11e022223d70bb4178371c
BEFORE I5-prepend-append-ends 681784383d6e4072c8c3b86abfb1f7a6f848a0f3af11e022223d70bb4178371c
AFTER  I5-prepend-append-ends 681784383d6e4072c8c3b86abfb1f7a6f848a0f3af11e022223d70bb4178371c
BEFORE I6-false-is-a-value 681784383d6e4072c8c3b86abfb1f7a6f848a0f3af11e022223d70bb4178371c
AFTER  I6-false-is-a-value 681784383d6e4072c8c3b86abfb1f7a6f848a0f3af11e022223d70bb4178371c
BEFORE I8-lastgood-recovery 681784383d6e4072c8c3b86abfb1f7a6f848a0f3af11e022223d70bb4178371c
AFTER  I8-lastgood-recovery 681784383d6e4072c8c3b86abfb1f7a6f848a0f3af11e022223d70bb4178371c
BEFORE I9-rejection-is-total 681784383d6e4072c8c3b86abfb1f7a6f848a0f3af11e022223d70bb4178371c
AFTER  I9-rejection-is-total 681784383d6e4072c8c3b86abfb1f7a6f848a0f3af11e022223d70bb4178371c
BEFORE I10-preview-writes-nothing 681784383d6e4072c8c3b86abfb1f7a6f848a0f3af11e022223d70bb4178371c
AFTER  I10-preview-writes-nothing 681784383d6e4072c8c3b86abfb1f7a6f848a0f3af11e022223d70bb4178371c
BEFORE I11-stale-suppression 681784383d6e4072c8c3b86abfb1f7a6f848a0f3af11e022223d70bb4178371c
AFTER  I11-stale-suppression 681784383d6e4072c8c3b86abfb1f7a6f848a0f3af11e022223d70bb4178371c
BEFORE I12-chain-is-snapshotted 681784383d6e4072c8c3b86abfb1f7a6f848a0f3af11e022223d70bb4178371c
AFTER  I12-chain-is-snapshotted 681784383d6e4072c8c3b86abfb1f7a6f848a0f3af11e022223d70bb4178371c
AFTER  inversion-sweep 681784383d6e4072c8c3b86abfb1f7a6f848a0f3af11e022223d70bb4178371c
BEFORE I7-composition-is-pure 681784383d6e4072c8c3b86abfb1f7a6f848a0f3af11e022223d70bb4178371c
AFTER  I7-composition-is-pure 681784383d6e4072c8c3b86abfb1f7a6f848a0f3af11e022223d70bb4178371c
BEFORE final-sweep 681784383d6e4072c8c3b86abfb1f7a6f848a0f3af11e022223d70bb4178371c
AFTER  final-sweep 681784383d6e4072c8c3b86abfb1f7a6f848a0f3af11e022223d70bb4178371c
